// Jest Snapshot v1, https://goo.gl/fbAQLP

exports[`Layout renders a list of items 1`] = `
<Fragment>
  <WithStyles(CssBaseline) />
  <Connect(Header) />
  <Layout__Container>
    CONTENT
  </Layout__Container>
</Fragment>
`;
